// Jest Snapshot v1, https://goo.gl/fbAQLP

exports[`PaymentPage Component should match the snapshot 1`] = `
Array [
  <div
    className="justify-content-center mb-4 nav"
    onKeyDown={[Function]}
    style={
      Object {
        "backgroundColor": "#f8f8f8",
      }
    }
  >
    <div
      className="nav-item"
    >
      <a
        className="nav-link active"
        data-rb-event-key="/login"
        href="/login"
        onClick={[Function]}
        onKeyDown={[Function]}
      >
        Sign In
      </a>
    </div>
    <div
      className="nav-item"
    >
      <a
        className="nav-link"
        data-rb-event-key="/shipping"
        href="/shipping"
        onClick={[Function]}
        onKeyDown={[Function]}
      >
        Shipping
      </a>
    </div>
    <div
      className="nav-item"
    >
      <a
        className="nav-link"
        data-rb-event-key="/payment"
        href="/payment"
        onClick={[Function]}
        onKeyDown={[Function]}
      >
        Payment
      </a>
    </div>
    <div
      className="nav-item"
    >
      <a
        aria-disabled={true}
        className="nav-link disabled"
        data-rb-event-key={null}
        href="#"
        onClick={[Function]}
        onKeyDown={[Function]}
        role="button"
        tabIndex={-1}
      >
        Place Order
      </a>
    </div>
  </div>,
  <div
    className="justify-content-center align-items-center container bg-light p-3"
  >
    <h1
      className="pl-3"
    >
      Payment Method
    </h1>
    <form
      className="pr-3 pl-3"
      onSubmit={[Function]}
    >
      <div
        className="form-group"
      >
        <label
          className="form-label"
        >
          Select Method
        </label>
        <div
          className="mb-1 form-check"
        >
          <input
            checked={true}
            className="form-check-input"
            disabled={false}
            onChange={[Function]}
            type="radio"
            value="PayGreen"
          />
          <label
            className="form-check-label"
            title=""
          >
            PayGreen
          </label>
        </div>
        <div
          className="form-check"
        >
          <input
            checked={false}
            className="form-check-input"
            disabled={false}
            onChange={[Function]}
            type="radio"
            value="FoxCard"
          />
          <label
            className="form-check-label"
            title=""
          >
            FoxCard
          </label>
        </div>
      </div>
      <button
        className="mb-2 btn btn-success"
        disabled={false}
        type="submit"
      >
        Continue
      </button>
    </form>
  </div>,
]
`;
