// Jest Snapshot v1, https://goo.gl/fbAQLP

exports[`Header Component should match the snapshot 1`] = `
<header>
  <nav
    className="navbar navbar-expand-xl navbar-light"
    id="main-header"
  >
    <button
      aria-controls="basic-navbar-nav"
      aria-label="Toggle navigation"
      className="navbar-toggler collapsed"
      onClick={[Function]}
      type="button"
    >
      <span
        className="navbar-toggler-icon"
      />
    </button>
    <div
      aria-expanded={null}
      className="navbar-collapse collapse"
      id="basic-navbar-nav"
    >
      <div
        className="mr-auto navbar-nav"
        id="user-info"
        onKeyDown={[Function]}
      >
        <a
          className="nav-link"
          data-rb-event-key="/login"
          href="/login"
          id="sign-in-menu"
          onClick={[Function]}
          onKeyDown={[Function]}
        >
          <i
            className="fas fa-user"
          />
           Sign In
        </a>
      </div>
      <div
        className="navbar-nav"
        onKeyDown={[Function]}
      >
        <a
          className="nav-link"
          data-rb-event-key="/cart"
          href="/cart"
          id="cart"
          onClick={[Function]}
          onKeyDown={[Function]}
        >
          <i
            className="fas fa-shopping-cart"
          />
           Cart
        </a>
      </div>
    </div>
  </nav>
  <div
    className="nav"
    onKeyDown={[Function]}
  >
    <a
      className="active navbar-brand"
      href="/"
      id="shop-brand"
      onClick={[Function]}
      style={Object {}}
    >
      greenBay
    </a>
    <form
      className="mx-auto d-inline-flex"
      onSubmit={[Function]}
    >
      <input
        className="mt-3 form-control"
        id="search-box"
        name="q"
        onChange={[Function]}
        placeholder="Search Products..."
        type="text"
      />
      <button
        className="btn btn-success"
        disabled={false}
        id="search-box-btn"
        type="submit"
      >
        Search
      </button>
    </form>
  </div>
</header>
`;
